ccache g++ -march=native -mtune=native -std=c++17 -pthread -D_REENTRANT -Wno-sign-compare -Wno-ignored-attributes -Wno-class-memaccess      -I lib/tbb_2020.3/include    -O3  -I . -I lib/eigen_5.0.1 -I lib/boost_1.87.0 -I lib/sundials_6.1.1/include -I lib/sundials_6.1.1/src/sundials -I lib/benchmark_1.5.1/googletest/googletest/include -I lib/benchmark_1.5.1/googletest/googletest -I lib/benchmark_1.5.1/googletest/googletest/include -I lib/benchmark_1.5.1/googletest/googletest      -DBOOST_DISABLE_ASSERTS         -DGTEST_HAS_PTHREAD=0 -DGTEST_HAS_PTHREAD=0  -c -o test/unit/math/rev/prob/wiener_full_test.o test/unit/math/rev/prob/wiener_full_test.cpp
ccache g++ -march=native -mtune=native -std=c++17 -pthread -D_REENTRANT -Wno-sign-compare -Wno-ignored-attributes -Wno-class-memaccess      -I lib/tbb_2020.3/include    -O3  -I . -I lib/eigen_5.0.1 -I lib/boost_1.87.0 -I lib/sundials_6.1.1/include -I lib/sundials_6.1.1/src/sundials -I lib/benchmark_1.5.1/googletest/googletest/include -I lib/benchmark_1.5.1/googletest/googletest     -DBOOST_DISABLE_ASSERTS         -DGTEST_HAS_PTHREAD=0       -Wl,-L,"/home/sbronder/open_source/stan/origin/2math/lib/tbb"   -Wl,-rpath,"/home/sbronder/open_source/stan/origin/2math/lib/tbb"      test/unit/math/rev/prob/wiener_full_test.o lib/benchmark_1.5.1/googletest/googletest/src/gtest_main.cc lib/benchmark_1.5.1/googletest/googletest/src/gtest-all.o lib/tbb/libtbb.so.2       -ltbb   -o test/unit/math/rev/prob/wiener_full_test
rm test/unit/math/rev/prob/wiener_full_test.o
Running main() from lib/benchmark_1.5.1/googletest/googletest/src/gtest_main.cc
[==========] Running 5 tests from 1 test suite.
[----------] Global test environment set-up.
[----------] 5 tests from AgradRev
[ RUN      ] AgradRev.ProbWienerFull_wiener_full_all_scalar
[       OK ] AgradRev.ProbWienerFull_wiener_full_all_scalar (4 ms)
[ RUN      ] AgradRev.ProbWienerFullPrec_wiener_full_prec_all_scalar
[       OK ] AgradRev.ProbWienerFullPrec_wiener_full_prec_all_scalar (4 ms)
[ RUN      ] AgradRev.ProbWienerFull_wiener_full_all_vector
[       OK ] AgradRev.ProbWienerFull_wiener_full_all_vector (4 ms)
[ RUN      ] AgradRev.mathRevCorrectValues_wiener_lccdf_unnorm
test/unit/math/rev/prob/wiener_full_test.cpp:395: Failure
The difference between a.adj() and true_grad_a[i] is 0.0011549500374380406, which exceeds err_tol, where
a.adj() evaluates to 0.30987978225220303,
true_grad_a[i] evaluates to 0.30872483221476499, and
err_tol evaluates to 0.0001.
test/unit/math/rev/prob/wiener_full_test.cpp:397: Failure
The difference between w.adj() and true_grad_w[i] is 0.016363180714727088, which exceeds err_tol, where
w.adj() evaluates to 1.9492490867549972,
true_grad_w[i] evaluates to 1.9328859060402701, and
err_tol evaluates to 0.0001.
test/unit/math/rev/prob/wiener_full_test.cpp:398: Failure
The difference between v.adj() and true_grad_v[i] is 0.0013765085645633945, which exceeds err_tol, where
v.adj() evaluates to 11.404061072322964,
true_grad_v[i] evaluates to 11.402684563758401, and
err_tol evaluates to 0.0001.
[  FAILED  ] AgradRev.mathRevCorrectValues_wiener_lccdf_unnorm (343 ms)
[ RUN      ] AgradRev.mathRevCorrectValues_wiener_lccdf_unnorm_tail_gradients
test/unit/math/rev/prob/wiener_full_test.cpp:423: Failure
The difference between a.adj() and 0.308724832214765 is 0.0011549500374380406, which exceeds err_tol, where
a.adj() evaluates to 0.30987978225220303,
0.308724832214765 evaluates to 0.30872483221476499, and
err_tol evaluates to 0.0001.
test/unit/math/rev/prob/wiener_full_test.cpp:424: Failure
The difference between w.adj() and 1.93288590604027 is 0.016363180714727088, which exceeds err_tol, where
w.adj() evaluates to 1.9492490867549972,
1.93288590604027 evaluates to 1.9328859060402701, and
err_tol evaluates to 0.0001.
test/unit/math/rev/prob/wiener_full_test.cpp:425: Failure
The difference between v.adj() and 11.4026845637584 is 0.0013765085645633945, which exceeds err_tol, where
v.adj() evaluates to 11.404061072322964,
11.4026845637584 evaluates to 11.402684563758401, and
err_tol evaluates to 0.0001.
[  FAILED  ] AgradRev.mathRevCorrectValues_wiener_lccdf_unnorm_tail_gradients (0 ms)
[----------] 5 tests from AgradRev (355 ms total)

[----------] Global test environment tear-down
[==========] 5 tests from 1 test suite ran. (355 ms total)
[  PASSED  ] 3 tests.
[  FAILED  ] 2 tests, listed below:
[  FAILED  ] AgradRev.mathRevCorrectValues_wiener_lccdf_unnorm
[  FAILED  ] AgradRev.mathRevCorrectValues_wiener_lccdf_unnorm_tail_gradients

 2 FAILED TESTS
test/unit/math/rev/prob/wiener_full_test --gtest_output="xml:test/unit/math/rev/prob/wiener_full_test.xml" failed
exit now (03/26/26 15:59:17 EDT)
1
------------------------------------------------------------
make -j1 test/unit/math/rev/prob/wiener_full_test
------------------------------------------------------------
test/unit/math/rev/prob/wiener_full_test --gtest_output="xml:test/unit/math/rev/prob/wiener_full_test.xml"
