make: 'test/unit/math/mix/prob/wiener_full_lcdf_unnorm_2_test' is up to date.
make: 'test/unit/math/mix/prob/wiener_full_lccdf_unnorm_4_test' is up to date.
make: 'test/unit/math/mix/prob/wiener_full_lcdf_unnorm_0_test' is up to date.
make: 'test/unit/math/mix/prob/wiener_full_lccdf_unnorm_1_test' is up to date.
make: 'test/unit/math/mix/prob/wiener_full_lccdf_unnorm_6_test' is up to date.
make: 'test/unit/math/mix/prob/wiener_full_lcdf_unnorm_11_test' is up to date.
make: 'test/unit/math/mix/prob/wiener_full_lccdf_unnorm_8_test' is up to date.
make: 'test/unit/math/mix/prob/wiener_full_lcdf_unnorm_3_test' is up to date.
make: 'test/unit/math/mix/prob/wiener_full_lccdf_unnorm_10_test' is up to date.
make: 'test/unit/math/mix/prob/wiener_full_lccdf_unnorm_3_test' is up to date.
make: 'test/unit/math/mix/prob/wiener_full_lccdf_unnorm_9_test' is up to date.
make: 'test/unit/math/mix/prob/wiener_full_lccdf_unnorm_0_test' is up to date.
make: 'test/unit/math/mix/prob/wiener_full_lccdf_unnorm_2_test' is up to date.
make: 'test/unit/math/mix/prob/wiener_full_lccdf_unnorm_7_test' is up to date.
make: 'test/unit/math/mix/prob/wiener_full_lcdf_unnorm_1_test' is up to date.
make: 'test/unit/math/mix/prob/wiener_full_lccdf_unnorm_11_test' is up to date.
make: 'test/unit/math/mix/prob/wiener_full_lccdf_unnorm_5_test' is up to date.
make: 'test/unit/math/mix/prob/wiener_full_lcdf_unnorm_10_test' is up to date.
make: 'test/unit/math/mix/prob/wiener_full_lpdf_0_test' is up to date.
make: 'test/unit/math/mix/prob/wiener_full_lpdf_10_test' is up to date.
make: 'test/unit/math/mix/prob/wiener_full_lpdf_11_test' is up to date.
make: 'test/unit/math/mix/prob/wiener_full_lpdf_1_test' is up to date.
make: 'test/unit/math/mix/prob/wiener_full_lpdf_2_test' is up to date.
make: 'test/unit/math/mix/prob/wiener_full_lpdf_3_test' is up to date.
make: 'test/unit/math/mix/prob/wiener_full_lpdf_4_test' is up to date.
make: 'test/unit/math/mix/prob/wiener_full_lpdf_5_test' is up to date.
make: 'test/unit/math/mix/prob/wiener_full_lpdf_6_test' is up to date.
make: 'test/unit/math/mix/prob/wiener_full_lpdf_7_test' is up to date.
make: 'test/unit/math/mix/prob/wiener_full_lpdf_8_test' is up to date.
make: 'test/unit/math/mix/prob/wiener_full_lpdf_9_test' is up to date.
make: 'test/unit/math/mix/prob/wiener_full_lcdf_unnorm_4_test' is up to date.
make: 'test/unit/math/mix/prob/wiener_full_lcdf_unnorm_5_test' is up to date.
make: 'test/unit/math/mix/prob/wiener_full_lcdf_unnorm_6_test' is up to date.
make: 'test/unit/math/mix/prob/wiener_full_lcdf_unnorm_7_test' is up to date.
make: 'test/unit/math/mix/prob/wiener_full_lcdf_unnorm_8_test' is up to date.
make: 'test/unit/math/mix/prob/wiener_full_lcdf_unnorm_9_test' is up to date.
make: 'test/unit/math/prim/prob/wiener_full_lpdf_test' is up to date.
make: 'test/unit/math/prim/prob/wiener_test' is up to date.
make: 'test/unit/math/prim/prob/wiener_full_lccdf_unnorm_test' is up to date.
make: 'test/unit/math/prim/prob/wiener_full_lcdf_unnorm_test' is up to date.
make: 'test/unit/math/rev/prob/wiener_full_test' is up to date.
Running main() from lib/benchmark_1.5.1/googletest/googletest/src/gtest_main.cc
[==========] Running 5 tests from 1 test suite.
[----------] Global test environment set-up.
[----------] 5 tests from Wiener7MixArgs
[ RUN      ] Wiener7MixArgs.wiener_lcdf_unnorm_y_t0_w
[       OK ] Wiener7MixArgs.wiener_lcdf_unnorm_y_t0_w (3 ms)
[ RUN      ] Wiener7MixArgs.wiener_lcdf_unnorm_y_t0_v
[       OK ] Wiener7MixArgs.wiener_lcdf_unnorm_y_t0_v (2 ms)
[ RUN      ] Wiener7MixArgs.wiener_lcdf_unnorm_y_t0_sv
[       OK ] Wiener7MixArgs.wiener_lcdf_unnorm_y_t0_sv (1 ms)
[ RUN      ] Wiener7MixArgs.wiener_lcdf_unnorm_y_t0_sw
[       OK ] Wiener7MixArgs.wiener_lcdf_unnorm_y_t0_sw (2 ms)
[ RUN      ] Wiener7MixArgs.wiener_lcdf_unnorm_y_t0_st0
[       OK ] Wiener7MixArgs.wiener_lcdf_unnorm_y_t0_st0 (1 ms)
[----------] 5 tests from Wiener7MixArgs (9 ms total)

[----------] Global test environment tear-down
[==========] 5 tests from 1 test suite ran. (9 ms total)
[  PASSED  ] 5 tests.
Running main() from lib/benchmark_1.5.1/googletest/googletest/src/gtest_main.cc
[==========] Running 5 tests from 1 test suite.
[----------] Global test environment set-up.
[----------] 5 tests from Wiener7MixArgs
[ RUN      ] Wiener7MixArgs.wiener_lccdf_unnorm_y_v_sw
[       OK ] Wiener7MixArgs.wiener_lccdf_unnorm_y_v_sw (2 ms)
[ RUN      ] Wiener7MixArgs.wiener_lccdf_unnorm_y_v_st0
[       OK ] Wiener7MixArgs.wiener_lccdf_unnorm_y_v_st0 (3 ms)
[ RUN      ] Wiener7MixArgs.wiener_lccdf_unnorm_y_sv_sw
[       OK ] Wiener7MixArgs.wiener_lccdf_unnorm_y_sv_sw (2 ms)
[ RUN      ] Wiener7MixArgs.wiener_lccdf_unnorm_y_sv_st0
[       OK ] Wiener7MixArgs.wiener_lccdf_unnorm_y_sv_st0 (1 ms)
[ RUN      ] Wiener7MixArgs.wiener_lccdf_unnorm_y_sw_st0
[       OK ] Wiener7MixArgs.wiener_lccdf_unnorm_y_sw_st0 (1 ms)
[----------] 5 tests from Wiener7MixArgs (10 ms total)

[----------] Global test environment tear-down
[==========] 5 tests from 1 test suite ran. (10 ms total)
[  PASSED  ] 5 tests.
Running main() from lib/benchmark_1.5.1/googletest/googletest/src/gtest_main.cc
[==========] Running 4 tests from 4 test suites.
[----------] Global test environment set-up.
[----------] 1 test from mathMixDouble
[ RUN      ] mathMixDouble.wiener_lcdf_unnorm
[       OK ] mathMixDouble.wiener_lcdf_unnorm (15 ms)
[----------] 1 test from mathMixDouble (15 ms total)

[----------] 1 test from mathMixVar
[ RUN      ] mathMixVar.wiener_lcdf_unnorm
[       OK ] mathMixVar.wiener_lcdf_unnorm (60 ms)
[----------] 1 test from mathMixVar (60 ms total)

[----------] 1 test from mathMixFVar
[ RUN      ] mathMixFVar.wiener_lcdf_unnorm
[       OK ] mathMixFVar.wiener_lcdf_unnorm (344 ms)
[----------] 1 test from mathMixFVar (344 ms total)

[----------] 1 test from Wiener7MixArgs
[ RUN      ] Wiener7MixArgs.wiener_lcdf_unnorm_y_a_t0
[       OK ] Wiener7MixArgs.wiener_lcdf_unnorm_y_a_t0 (1 ms)
[----------] 1 test from Wiener7MixArgs (1 ms total)

[----------] Global test environment tear-down
[==========] 4 tests from 4 test suites ran. (420 ms total)
[  PASSED  ] 4 tests.
Running main() from lib/benchmark_1.5.1/googletest/googletest/src/gtest_main.cc
[==========] Running 5 tests from 1 test suite.
[----------] Global test environment set-up.
[----------] 5 tests from Wiener7MixArgs
[ RUN      ] Wiener7MixArgs.wiener_lccdf_unnorm_y_a_w
[       OK ] Wiener7MixArgs.wiener_lccdf_unnorm_y_a_w (1 ms)
[ RUN      ] Wiener7MixArgs.wiener_lccdf_unnorm_y_a_v
[       OK ] Wiener7MixArgs.wiener_lccdf_unnorm_y_a_v (1 ms)
[ RUN      ] Wiener7MixArgs.wiener_lccdf_unnorm_y_a_sv
[       OK ] Wiener7MixArgs.wiener_lccdf_unnorm_y_a_sv (1 ms)
[ RUN      ] Wiener7MixArgs.wiener_lccdf_unnorm_y_a_sw
[       OK ] Wiener7MixArgs.wiener_lccdf_unnorm_y_a_sw (0 ms)
[ RUN      ] Wiener7MixArgs.wiener_lccdf_unnorm_y_a_st0
[       OK ] Wiener7MixArgs.wiener_lccdf_unnorm_y_a_st0 (1 ms)
[----------] 5 tests from Wiener7MixArgs (4 ms total)

[----------] Global test environment tear-down
[==========] 5 tests from 1 test suite ran. (4 ms total)
[  PASSED  ] 5 tests.
Running main() from lib/benchmark_1.5.1/googletest/googletest/src/gtest_main.cc
[==========] Running 5 tests from 1 test suite.
[----------] Global test environment set-up.
[----------] 5 tests from Wiener7MixArgs
[ RUN      ] Wiener7MixArgs.wiener_lccdf_unnorm_a_w_v
[       OK ] Wiener7MixArgs.wiener_lccdf_unnorm_a_w_v (2 ms)
[ RUN      ] Wiener7MixArgs.wiener_lccdf_unnorm_a_w_sv
[       OK ] Wiener7MixArgs.wiener_lccdf_unnorm_a_w_sv (2 ms)
[ RUN      ] Wiener7MixArgs.wiener_lccdf_unnorm_a_w_sw
[       OK ] Wiener7MixArgs.wiener_lccdf_unnorm_a_w_sw (2 ms)
[ RUN      ] Wiener7MixArgs.wiener_lccdf_unnorm_a_w_st0
[       OK ] Wiener7MixArgs.wiener_lccdf_unnorm_a_w_st0 (2 ms)
[ RUN      ] Wiener7MixArgs.wiener_lccdf_unnorm_a_v_sv
[       OK ] Wiener7MixArgs.wiener_lccdf_unnorm_a_v_sv (1 ms)
[----------] 5 tests from Wiener7MixArgs (9 ms total)

[----------] Global test environment tear-down
[==========] 5 tests from 1 test suite ran. (9 ms total)
[  PASSED  ] 5 tests.
Running main() from lib/benchmark_1.5.1/googletest/googletest/src/gtest_main.cc
[==========] Running 5 tests from 1 test suite.
[----------] Global test environment set-up.
[----------] 5 tests from Wiener7MixArgs
[ RUN      ] Wiener7MixArgs.wiener_lcdf_unnorm_w_sw_st0
[       OK ] Wiener7MixArgs.wiener_lcdf_unnorm_w_sw_st0 (2 ms)
[ RUN      ] Wiener7MixArgs.wiener_lcdf_unnorm_v_sv_sw
[       OK ] Wiener7MixArgs.wiener_lcdf_unnorm_v_sv_sw (2 ms)
[ RUN      ] Wiener7MixArgs.wiener_lcdf_unnorm_v_sv_st0
[       OK ] Wiener7MixArgs.wiener_lcdf_unnorm_v_sv_st0 (1 ms)
[ RUN      ] Wiener7MixArgs.wiener_lcdf_unnorm_v_sw_st0
[       OK ] Wiener7MixArgs.wiener_lcdf_unnorm_v_sw_st0 (1 ms)
[ RUN      ] Wiener7MixArgs.wiener_lcdf_unnorm_sv_sw_st0
[       OK ] Wiener7MixArgs.wiener_lcdf_unnorm_sv_sw_st0 (2 ms)
[----------] 5 tests from Wiener7MixArgs (8 ms total)

[----------] Global test environment tear-down
[==========] 5 tests from 1 test suite ran. (8 ms total)
[  PASSED  ] 5 tests.
Running main() from lib/benchmark_1.5.1/googletest/googletest/src/gtest_main.cc
[==========] Running 5 tests from 1 test suite.
[----------] Global test environment set-up.
[----------] 5 tests from Wiener7MixArgs
[ RUN      ] Wiener7MixArgs.wiener_lccdf_unnorm_t0_w_v
[       OK ] Wiener7MixArgs.wiener_lccdf_unnorm_t0_w_v (2 ms)
[ RUN      ] Wiener7MixArgs.wiener_lccdf_unnorm_t0_w_sv
[       OK ] Wiener7MixArgs.wiener_lccdf_unnorm_t0_w_sv (2 ms)
[ RUN      ] Wiener7MixArgs.wiener_lccdf_unnorm_t0_w_sw
[       OK ] Wiener7MixArgs.wiener_lccdf_unnorm_t0_w_sw (2 ms)
[ RUN      ] Wiener7MixArgs.wiener_lccdf_unnorm_t0_w_st0
[       OK ] Wiener7MixArgs.wiener_lccdf_unnorm_t0_w_st0 (2 ms)
[ RUN      ] Wiener7MixArgs.wiener_lccdf_unnorm_t0_v_sv
[       OK ] Wiener7MixArgs.wiener_lccdf_unnorm_t0_v_sv (1 ms)
[----------] 5 tests from Wiener7MixArgs (9 ms total)

[----------] Global test environment tear-down
[==========] 5 tests from 1 test suite ran. (9 ms total)
[  PASSED  ] 5 tests.
Running main() from lib/benchmark_1.5.1/googletest/googletest/src/gtest_main.cc
[==========] Running 5 tests from 1 test suite.
[----------] Global test environment set-up.
[----------] 5 tests from Wiener7MixArgs
[ RUN      ] Wiener7MixArgs.wiener_lcdf_unnorm_y_w_v
[       OK ] Wiener7MixArgs.wiener_lcdf_unnorm_y_w_v (2 ms)
[ RUN      ] Wiener7MixArgs.wiener_lcdf_unnorm_y_w_sv
[       OK ] Wiener7MixArgs.wiener_lcdf_unnorm_y_w_sv (2 ms)
[ RUN      ] Wiener7MixArgs.wiener_lcdf_unnorm_y_w_sw
[       OK ] Wiener7MixArgs.wiener_lcdf_unnorm_y_w_sw (2 ms)
[ RUN      ] Wiener7MixArgs.wiener_lcdf_unnorm_y_w_st0
[       OK ] Wiener7MixArgs.wiener_lcdf_unnorm_y_w_st0 (2 ms)
[ RUN      ] Wiener7MixArgs.wiener_lcdf_unnorm_y_v_sv
[       OK ] Wiener7MixArgs.wiener_lcdf_unnorm_y_v_sv (2 ms)
[----------] 5 tests from Wiener7MixArgs (10 ms total)

[----------] Global test environment tear-down
[==========] 5 tests from 1 test suite ran. (10 ms total)
[  PASSED  ] 5 tests.
Running main() from lib/benchmark_1.5.1/googletest/googletest/src/gtest_main.cc
[==========] Running 5 tests from 1 test suite.
[----------] Global test environment set-up.
[----------] 5 tests from Wiener7MixArgs
[ RUN      ] Wiener7MixArgs.wiener_lccdf_unnorm_w_v_sv
[       OK ] Wiener7MixArgs.wiener_lccdf_unnorm_w_v_sv (2 ms)
[ RUN      ] Wiener7MixArgs.wiener_lccdf_unnorm_w_v_sw
[       OK ] Wiener7MixArgs.wiener_lccdf_unnorm_w_v_sw (2 ms)
[ RUN      ] Wiener7MixArgs.wiener_lccdf_unnorm_w_v_st0
[       OK ] Wiener7MixArgs.wiener_lccdf_unnorm_w_v_st0 (2 ms)
[ RUN      ] Wiener7MixArgs.wiener_lccdf_unnorm_w_sv_sw
[       OK ] Wiener7MixArgs.wiener_lccdf_unnorm_w_sv_sw (2 ms)
[ RUN      ] Wiener7MixArgs.wiener_lccdf_unnorm_w_sv_st0
[       OK ] Wiener7MixArgs.wiener_lccdf_unnorm_w_sv_st0 (1 ms)
[----------] 5 tests from Wiener7MixArgs (9 ms total)

[----------] Global test environment tear-down
[==========] 5 tests from 1 test suite ran. (9 ms total)
[  PASSED  ] 5 tests.
Running main() from lib/benchmark_1.5.1/googletest/googletest/src/gtest_main.cc
[==========] Running 5 tests from 1 test suite.
[----------] Global test environment set-up.
[----------] 5 tests from Wiener7MixArgs
[ RUN      ] Wiener7MixArgs.wiener_lccdf_unnorm_y_w_v
[       OK ] Wiener7MixArgs.wiener_lccdf_unnorm_y_w_v (3 ms)
[ RUN      ] Wiener7MixArgs.wiener_lccdf_unnorm_y_w_sv
[       OK ] Wiener7MixArgs.wiener_lccdf_unnorm_y_w_sv (1 ms)
[ RUN      ] Wiener7MixArgs.wiener_lccdf_unnorm_y_w_sw
[       OK ] Wiener7MixArgs.wiener_lccdf_unnorm_y_w_sw (2 ms)
[ RUN      ] Wiener7MixArgs.wiener_lccdf_unnorm_y_w_st0
[       OK ] Wiener7MixArgs.wiener_lccdf_unnorm_y_w_st0 (1 ms)
[ RUN      ] Wiener7MixArgs.wiener_lccdf_unnorm_y_v_sv
[       OK ] Wiener7MixArgs.wiener_lccdf_unnorm_y_v_sv (2 ms)
[----------] 5 tests from Wiener7MixArgs (9 ms total)

[----------] Global test environment tear-down
[==========] 5 tests from 1 test suite ran. (9 ms total)
[  PASSED  ] 5 tests.
Running main() from lib/benchmark_1.5.1/googletest/googletest/src/gtest_main.cc
[==========] Running 5 tests from 1 test suite.
[----------] Global test environment set-up.
[----------] 5 tests from Wiener7MixArgs
[ RUN      ] Wiener7MixArgs.wiener_lccdf_unnorm_t0_v_sw
[       OK ] Wiener7MixArgs.wiener_lccdf_unnorm_t0_v_sw (3 ms)
[ RUN      ] Wiener7MixArgs.wiener_lccdf_unnorm_t0_v_st0
[       OK ] Wiener7MixArgs.wiener_lccdf_unnorm_t0_v_st0 (2 ms)
[ RUN      ] Wiener7MixArgs.wiener_lccdf_unnorm_t0_sv_sw
[       OK ] Wiener7MixArgs.wiener_lccdf_unnorm_t0_sv_sw (1 ms)
[ RUN      ] Wiener7MixArgs.wiener_lccdf_unnorm_t0_sv_st0
[       OK ] Wiener7MixArgs.wiener_lccdf_unnorm_t0_sv_st0 (1 ms)
[ RUN      ] Wiener7MixArgs.wiener_lccdf_unnorm_t0_sw_st0
[       OK ] Wiener7MixArgs.wiener_lccdf_unnorm_t0_sw_st0 (2 ms)
[----------] 5 tests from Wiener7MixArgs (9 ms total)

[----------] Global test environment tear-down
[==========] 5 tests from 1 test suite ran. (9 ms total)
[  PASSED  ] 5 tests.
Running main() from lib/benchmark_1.5.1/googletest/googletest/src/gtest_main.cc
[==========] Running 4 tests from 4 test suites.
[----------] Global test environment set-up.
[----------] 1 test from mathMixDouble
[ RUN      ] mathMixDouble.wiener_lccdf_unnorm
[       OK ] mathMixDouble.wiener_lccdf_unnorm (23 ms)
[----------] 1 test from mathMixDouble (23 ms total)

[----------] 1 test from mathMixVar
[ RUN      ] mathMixVar.wiener_lccdf_unnorm
[       OK ] mathMixVar.wiener_lccdf_unnorm (65 ms)
[----------] 1 test from mathMixVar (65 ms total)

[----------] 1 test from mathMixFVar
[ RUN      ] mathMixFVar.wiener_lccdf_unnorm
[       OK ] mathMixFVar.wiener_lccdf_unnorm (386 ms)
[----------] 1 test from mathMixFVar (386 ms total)

[----------] 1 test from Wiener7MixArgs
[ RUN      ] Wiener7MixArgs.wiener_lccdf_unnorm_y_a_t0
[       OK ] Wiener7MixArgs.wiener_lccdf_unnorm_y_a_t0 (1 ms)
[----------] 1 test from Wiener7MixArgs (1 ms total)

[----------] Global test environment tear-down
[==========] 4 tests from 4 test suites ran. (475 ms total)
[  PASSED  ] 4 tests.
Running main() from lib/benchmark_1.5.1/googletest/googletest/src/gtest_main.cc
[==========] Running 5 tests from 1 test suite.
[----------] Global test environment set-up.
[----------] 5 tests from Wiener7MixArgs
[ RUN      ] Wiener7MixArgs.wiener_lccdf_unnorm_y_t0_w
[       OK ] Wiener7MixArgs.wiener_lccdf_unnorm_y_t0_w (2 ms)
[ RUN      ] Wiener7MixArgs.wiener_lccdf_unnorm_y_t0_v
[       OK ] Wiener7MixArgs.wiener_lccdf_unnorm_y_t0_v (2 ms)
[ RUN      ] Wiener7MixArgs.wiener_lccdf_unnorm_y_t0_sv
[       OK ] Wiener7MixArgs.wiener_lccdf_unnorm_y_t0_sv (1 ms)
[ RUN      ] Wiener7MixArgs.wiener_lccdf_unnorm_y_t0_sw
[       OK ] Wiener7MixArgs.wiener_lccdf_unnorm_y_t0_sw (2 ms)
[ RUN      ] Wiener7MixArgs.wiener_lccdf_unnorm_y_t0_st0
[       OK ] Wiener7MixArgs.wiener_lccdf_unnorm_y_t0_st0 (1 ms)
[----------] 5 tests from Wiener7MixArgs (8 ms total)

[----------] Global test environment tear-down
[==========] 5 tests from 1 test suite ran. (8 ms total)
[  PASSED  ] 5 tests.
Running main() from lib/benchmark_1.5.1/googletest/googletest/src/gtest_main.cc
[==========] Running 5 tests from 1 test suite.
[----------] Global test environment set-up.
[----------] 5 tests from Wiener7MixArgs
[ RUN      ] Wiener7MixArgs.wiener_lccdf_unnorm_a_v_sw
[       OK ] Wiener7MixArgs.wiener_lccdf_unnorm_a_v_sw (2 ms)
[ RUN      ] Wiener7MixArgs.wiener_lccdf_unnorm_a_v_st0
[       OK ] Wiener7MixArgs.wiener_lccdf_unnorm_a_v_st0 (3 ms)
[ RUN      ] Wiener7MixArgs.wiener_lccdf_unnorm_a_sv_sw
[       OK ] Wiener7MixArgs.wiener_lccdf_unnorm_a_sv_sw (2 ms)
[ RUN      ] Wiener7MixArgs.wiener_lccdf_unnorm_a_sv_st0
[       OK ] Wiener7MixArgs.wiener_lccdf_unnorm_a_sv_st0 (1 ms)
[ RUN      ] Wiener7MixArgs.wiener_lccdf_unnorm_a_sw_st0
[       OK ] Wiener7MixArgs.wiener_lccdf_unnorm_a_sw_st0 (1 ms)
[----------] 5 tests from Wiener7MixArgs (9 ms total)

[----------] Global test environment tear-down
[==========] 5 tests from 1 test suite ran. (9 ms total)
[  PASSED  ] 5 tests.
Running main() from lib/benchmark_1.5.1/googletest/googletest/src/gtest_main.cc
[==========] Running 5 tests from 1 test suite.
[----------] Global test environment set-up.
[----------] 5 tests from Wiener7MixArgs
[ RUN      ] Wiener7MixArgs.wiener_lcdf_unnorm_y_a_w
[       OK ] Wiener7MixArgs.wiener_lcdf_unnorm_y_a_w (3 ms)
[ RUN      ] Wiener7MixArgs.wiener_lcdf_unnorm_y_a_v
[       OK ] Wiener7MixArgs.wiener_lcdf_unnorm_y_a_v (2 ms)
[ RUN      ] Wiener7MixArgs.wiener_lcdf_unnorm_y_a_sv
[       OK ] Wiener7MixArgs.wiener_lcdf_unnorm_y_a_sv (2 ms)
[ RUN      ] Wiener7MixArgs.wiener_lcdf_unnorm_y_a_sw
[       OK ] Wiener7MixArgs.wiener_lcdf_unnorm_y_a_sw (2 ms)
[ RUN      ] Wiener7MixArgs.wiener_lcdf_unnorm_y_a_st0
[       OK ] Wiener7MixArgs.wiener_lcdf_unnorm_y_a_st0 (1 ms)
[----------] 5 tests from Wiener7MixArgs (10 ms total)

[----------] Global test environment tear-down
[==========] 5 tests from 1 test suite ran. (10 ms total)
[  PASSED  ] 5 tests.
Running main() from lib/benchmark_1.5.1/googletest/googletest/src/gtest_main.cc
[==========] Running 5 tests from 1 test suite.
[----------] Global test environment set-up.
[----------] 5 tests from Wiener7MixArgs
[ RUN      ] Wiener7MixArgs.wiener_lccdf_unnorm_w_sw_st0
[       OK ] Wiener7MixArgs.wiener_lccdf_unnorm_w_sw_st0 (3 ms)
[ RUN      ] Wiener7MixArgs.wiener_lccdf_unnorm_v_sv_sw
[       OK ] Wiener7MixArgs.wiener_lccdf_unnorm_v_sv_sw (2 ms)
[ RUN      ] Wiener7MixArgs.wiener_lccdf_unnorm_v_sv_st0
[       OK ] Wiener7MixArgs.wiener_lccdf_unnorm_v_sv_st0 (2 ms)
[ RUN      ] Wiener7MixArgs.wiener_lccdf_unnorm_v_sw_st0
[       OK ] Wiener7MixArgs.wiener_lccdf_unnorm_v_sw_st0 (1 ms)
[ RUN      ] Wiener7MixArgs.wiener_lccdf_unnorm_sv_sw_st0
[       OK ] Wiener7MixArgs.wiener_lccdf_unnorm_sv_sw_st0 (1 ms)
[----------] 5 tests from Wiener7MixArgs (9 ms total)

[----------] Global test environment tear-down
[==========] 5 tests from 1 test suite ran. (9 ms total)
[  PASSED  ] 5 tests.
Running main() from lib/benchmark_1.5.1/googletest/googletest/src/gtest_main.cc
[==========] Running 5 tests from 1 test suite.
[----------] Global test environment set-up.
[----------] 5 tests from Wiener7MixArgs
[ RUN      ] Wiener7MixArgs.wiener_lccdf_unnorm_a_t0_w
[       OK ] Wiener7MixArgs.wiener_lccdf_unnorm_a_t0_w (2 ms)
[ RUN      ] Wiener7MixArgs.wiener_lccdf_unnorm_a_t0_v
[       OK ] Wiener7MixArgs.wiener_lccdf_unnorm_a_t0_v (2 ms)
[ RUN      ] Wiener7MixArgs.wiener_lccdf_unnorm_a_t0_sv
[       OK ] Wiener7MixArgs.wiener_lccdf_unnorm_a_t0_sv (1 ms)
[ RUN      ] Wiener7MixArgs.wiener_lccdf_unnorm_a_t0_sw
[       OK ] Wiener7MixArgs.wiener_lccdf_unnorm_a_t0_sw (2 ms)
[ RUN      ] Wiener7MixArgs.wiener_lccdf_unnorm_a_t0_st0
[       OK ] Wiener7MixArgs.wiener_lccdf_unnorm_a_t0_st0 (1 ms)
[----------] 5 tests from Wiener7MixArgs (8 ms total)

[----------] Global test environment tear-down
[==========] 5 tests from 1 test suite ran. (8 ms total)
[  PASSED  ] 5 tests.
Running main() from lib/benchmark_1.5.1/googletest/googletest/src/gtest_main.cc
[==========] Running 5 tests from 1 test suite.
[----------] Global test environment set-up.
[----------] 5 tests from Wiener7MixArgs
[ RUN      ] Wiener7MixArgs.wiener_lcdf_unnorm_w_v_sv
[       OK ] Wiener7MixArgs.wiener_lcdf_unnorm_w_v_sv (2 ms)
[ RUN      ] Wiener7MixArgs.wiener_lcdf_unnorm_w_v_sw
[       OK ] Wiener7MixArgs.wiener_lcdf_unnorm_w_v_sw (2 ms)
[ RUN      ] Wiener7MixArgs.wiener_lcdf_unnorm_w_v_st0
[       OK ] Wiener7MixArgs.wiener_lcdf_unnorm_w_v_st0 (2 ms)
[ RUN      ] Wiener7MixArgs.wiener_lcdf_unnorm_w_sv_sw
[       OK ] Wiener7MixArgs.wiener_lcdf_unnorm_w_sv_sw (2 ms)
[ RUN      ] Wiener7MixArgs.wiener_lcdf_unnorm_w_sv_st0
[       OK ] Wiener7MixArgs.wiener_lcdf_unnorm_w_sv_st0 (2 ms)
[----------] 5 tests from Wiener7MixArgs (10 ms total)

[----------] Global test environment tear-down
[==========] 5 tests from 1 test suite ran. (10 ms total)
[  PASSED  ] 5 tests.
Running main() from lib/benchmark_1.5.1/googletest/googletest/src/gtest_main.cc
[==========] Running 4 tests from 4 test suites.
[----------] Global test environment set-up.
[----------] 1 test from mathMixDouble7
[ RUN      ] mathMixDouble7.wiener_lpdf
[       OK ] mathMixDouble7.wiener_lpdf (0 ms)
[----------] 1 test from mathMixDouble7 (1 ms total)

[----------] 1 test from mathMixVar7
[ RUN      ] mathMixVar7.wiener_lpdf
[       OK ] mathMixVar7.wiener_lpdf (0 ms)
[----------] 1 test from mathMixVar7 (0 ms total)

[----------] 1 test from mathMixFVar7
[ RUN      ] mathMixFVar7.wiener_lpdf
[       OK ] mathMixFVar7.wiener_lpdf (1 ms)
[----------] 1 test from mathMixFVar7 (1 ms total)

[----------] 1 test from Wiener7MixArgs
[ RUN      ] Wiener7MixArgs.wiener_lpdf_y_a_t0
[       OK ] Wiener7MixArgs.wiener_lpdf_y_a_t0 (1 ms)
[----------] 1 test from Wiener7MixArgs (1 ms total)

[----------] Global test environment tear-down
[==========] 4 tests from 4 test suites ran. (4 ms total)
[  PASSED  ] 4 tests.
Running main() from lib/benchmark_1.5.1/googletest/googletest/src/gtest_main.cc
[==========] Running 5 tests from 1 test suite.
[----------] Global test environment set-up.
[----------] 5 tests from Wiener7MixArgs
[ RUN      ] Wiener7MixArgs.wiener_lpdf_w_v_sv
[       OK ] Wiener7MixArgs.wiener_lpdf_w_v_sv (3 ms)
[ RUN      ] Wiener7MixArgs.wiener_lpdf_w_v_sw
[       OK ] Wiener7MixArgs.wiener_lpdf_w_v_sw (1 ms)
[ RUN      ] Wiener7MixArgs.wiener_lpdf_w_v_st0
[       OK ] Wiener7MixArgs.wiener_lpdf_w_v_st0 (2 ms)
[ RUN      ] Wiener7MixArgs.wiener_lpdf_w_sv_sw
[       OK ] Wiener7MixArgs.wiener_lpdf_w_sv_sw (2 ms)
[ RUN      ] Wiener7MixArgs.wiener_lpdf_w_sv_st0
[       OK ] Wiener7MixArgs.wiener_lpdf_w_sv_st0 (2 ms)
[----------] 5 tests from Wiener7MixArgs (10 ms total)

[----------] Global test environment tear-down
[==========] 5 tests from 1 test suite ran. (10 ms total)
[  PASSED  ] 5 tests.
Running main() from lib/benchmark_1.5.1/googletest/googletest/src/gtest_main.cc
[==========] Running 5 tests from 1 test suite.
[----------] Global test environment set-up.
[----------] 5 tests from Wiener7MixArgs
[ RUN      ] Wiener7MixArgs.wiener_lpdf_w_sw_st0
[       OK ] Wiener7MixArgs.wiener_lpdf_w_sw_st0 (2 ms)
[ RUN      ] Wiener7MixArgs.wiener_lpdf_v_sv_sw
[       OK ] Wiener7MixArgs.wiener_lpdf_v_sv_sw (2 ms)
[ RUN      ] Wiener7MixArgs.wiener_lpdf_v_sv_st0
[       OK ] Wiener7MixArgs.wiener_lpdf_v_sv_st0 (1 ms)
[ RUN      ] Wiener7MixArgs.wiener_lpdf_v_sw_st0
[       OK ] Wiener7MixArgs.wiener_lpdf_v_sw_st0 (2 ms)
[ RUN      ] Wiener7MixArgs.wiener_lpdf_sv_sw_st0
[       OK ] Wiener7MixArgs.wiener_lpdf_sv_sw_st0 (1 ms)
[----------] 5 tests from Wiener7MixArgs (8 ms total)

[----------] Global test environment tear-down
[==========] 5 tests from 1 test suite ran. (8 ms total)
[  PASSED  ] 5 tests.
Running main() from lib/benchmark_1.5.1/googletest/googletest/src/gtest_main.cc
[==========] Running 5 tests from 1 test suite.
[----------] Global test environment set-up.
[----------] 5 tests from Wiener7MixArgs
[ RUN      ] Wiener7MixArgs.wiener_lpdf_y_a_w
[       OK ] Wiener7MixArgs.wiener_lpdf_y_a_w (2 ms)
[ RUN      ] Wiener7MixArgs.wiener_lpdf_y_a_v
[       OK ] Wiener7MixArgs.wiener_lpdf_y_a_v (2 ms)
[ RUN      ] Wiener7MixArgs.wiener_lpdf_y_a_sv
[       OK ] Wiener7MixArgs.wiener_lpdf_y_a_sv (2 ms)
[ RUN      ] Wiener7MixArgs.wiener_lpdf_y_a_sw
[       OK ] Wiener7MixArgs.wiener_lpdf_y_a_sw (1 ms)
[ RUN      ] Wiener7MixArgs.wiener_lpdf_y_a_st0
[       OK ] Wiener7MixArgs.wiener_lpdf_y_a_st0 (1 ms)
[----------] 5 tests from Wiener7MixArgs (8 ms total)

[----------] Global test environment tear-down
[==========] 5 tests from 1 test suite ran. (8 ms total)
[  PASSED  ] 5 tests.
Running main() from lib/benchmark_1.5.1/googletest/googletest/src/gtest_main.cc
[==========] Running 5 tests from 1 test suite.
[----------] Global test environment set-up.
[----------] 5 tests from Wiener7MixArgs
[ RUN      ] Wiener7MixArgs.wiener_lpdf_y_t0_w
[       OK ] Wiener7MixArgs.wiener_lpdf_y_t0_w (3 ms)
[ RUN      ] Wiener7MixArgs.wiener_lpdf_y_t0_v
[       OK ] Wiener7MixArgs.wiener_lpdf_y_t0_v (2 ms)
[ RUN      ] Wiener7MixArgs.wiener_lpdf_y_t0_sv
[       OK ] Wiener7MixArgs.wiener_lpdf_y_t0_sv (2 ms)
[ RUN      ] Wiener7MixArgs.wiener_lpdf_y_t0_sw
[       OK ] Wiener7MixArgs.wiener_lpdf_y_t0_sw (2 ms)
[ RUN      ] Wiener7MixArgs.wiener_lpdf_y_t0_st0
[       OK ] Wiener7MixArgs.wiener_lpdf_y_t0_st0 (1 ms)
[----------] 5 tests from Wiener7MixArgs (10 ms total)

[----------] Global test environment tear-down
[==========] 5 tests from 1 test suite ran. (10 ms total)
[  PASSED  ] 5 tests.
Running main() from lib/benchmark_1.5.1/googletest/googletest/src/gtest_main.cc
[==========] Running 5 tests from 1 test suite.
[----------] Global test environment set-up.
[----------] 5 tests from Wiener7MixArgs
[ RUN      ] Wiener7MixArgs.wiener_lpdf_y_w_v
[       OK ] Wiener7MixArgs.wiener_lpdf_y_w_v (2 ms)
[ RUN      ] Wiener7MixArgs.wiener_lpdf_y_w_sv
[       OK ] Wiener7MixArgs.wiener_lpdf_y_w_sv (1 ms)
[ RUN      ] Wiener7MixArgs.wiener_lpdf_y_w_sw
[       OK ] Wiener7MixArgs.wiener_lpdf_y_w_sw (2 ms)
[ RUN      ] Wiener7MixArgs.wiener_lpdf_y_w_st0
[       OK ] Wiener7MixArgs.wiener_lpdf_y_w_st0 (2 ms)
[ RUN      ] Wiener7MixArgs.wiener_lpdf_y_v_sv
[       OK ] Wiener7MixArgs.wiener_lpdf_y_v_sv (2 ms)
[----------] 5 tests from Wiener7MixArgs (10 ms total)

[----------] Global test environment tear-down
[==========] 5 tests from 1 test suite ran. (10 ms total)
[  PASSED  ] 5 tests.
Running main() from lib/benchmark_1.5.1/googletest/googletest/src/gtest_main.cc
[==========] Running 5 tests from 1 test suite.
[----------] Global test environment set-up.
[----------] 5 tests from Wiener7MixArgs
[ RUN      ] Wiener7MixArgs.wiener_lpdf_y_v_sw
[       OK ] Wiener7MixArgs.wiener_lpdf_y_v_sw (3 ms)
[ RUN      ] Wiener7MixArgs.wiener_lpdf_y_v_st0
[       OK ] Wiener7MixArgs.wiener_lpdf_y_v_st0 (2 ms)
[ RUN      ] Wiener7MixArgs.wiener_lpdf_y_sv_sw
[       OK ] Wiener7MixArgs.wiener_lpdf_y_sv_sw (2 ms)
[ RUN      ] Wiener7MixArgs.wiener_lpdf_y_sv_st0
[       OK ] Wiener7MixArgs.wiener_lpdf_y_sv_st0 (1 ms)
[ RUN      ] Wiener7MixArgs.wiener_lpdf_y_sw_st0
[       OK ] Wiener7MixArgs.wiener_lpdf_y_sw_st0 (1 ms)
[----------] 5 tests from Wiener7MixArgs (9 ms total)

[----------] Global test environment tear-down
[==========] 5 tests from 1 test suite ran. (9 ms total)
[  PASSED  ] 5 tests.
Running main() from lib/benchmark_1.5.1/googletest/googletest/src/gtest_main.cc
[==========] Running 5 tests from 1 test suite.
[----------] Global test environment set-up.
[----------] 5 tests from Wiener7MixArgs
[ RUN      ] Wiener7MixArgs.wiener_lpdf_a_t0_w
[       OK ] Wiener7MixArgs.wiener_lpdf_a_t0_w (2 ms)
[ RUN      ] Wiener7MixArgs.wiener_lpdf_a_t0_v
[       OK ] Wiener7MixArgs.wiener_lpdf_a_t0_v (2 ms)
[ RUN      ] Wiener7MixArgs.wiener_lpdf_a_t0_sv
[       OK ] Wiener7MixArgs.wiener_lpdf_a_t0_sv (2 ms)
[ RUN      ] Wiener7MixArgs.wiener_lpdf_a_t0_sw
[       OK ] Wiener7MixArgs.wiener_lpdf_a_t0_sw (2 ms)
[ RUN      ] Wiener7MixArgs.wiener_lpdf_a_t0_st0
[       OK ] Wiener7MixArgs.wiener_lpdf_a_t0_st0 (2 ms)
[----------] 5 tests from Wiener7MixArgs (10 ms total)

[----------] Global test environment tear-down
[==========] 5 tests from 1 test suite ran. (10 ms total)
[  PASSED  ] 5 tests.
Running main() from lib/benchmark_1.5.1/googletest/googletest/src/gtest_main.cc
[==========] Running 5 tests from 1 test suite.
[----------] Global test environment set-up.
[----------] 5 tests from Wiener7MixArgs
[ RUN      ] Wiener7MixArgs.wiener_lpdf_a_w_v
[       OK ] Wiener7MixArgs.wiener_lpdf_a_w_v (2 ms)
[ RUN      ] Wiener7MixArgs.wiener_lpdf_a_w_sv
[       OK ] Wiener7MixArgs.wiener_lpdf_a_w_sv (2 ms)
[ RUN      ] Wiener7MixArgs.wiener_lpdf_a_w_sw
[       OK ] Wiener7MixArgs.wiener_lpdf_a_w_sw (1 ms)
[ RUN      ] Wiener7MixArgs.wiener_lpdf_a_w_st0
[       OK ] Wiener7MixArgs.wiener_lpdf_a_w_st0 (2 ms)
[ RUN      ] Wiener7MixArgs.wiener_lpdf_a_v_sv
[       OK ] Wiener7MixArgs.wiener_lpdf_a_v_sv (1 ms)
[----------] 5 tests from Wiener7MixArgs (8 ms total)

[----------] Global test environment tear-down
[==========] 5 tests from 1 test suite ran. (8 ms total)
[  PASSED  ] 5 tests.
Running main() from lib/benchmark_1.5.1/googletest/googletest/src/gtest_main.cc
[==========] Running 5 tests from 1 test suite.
[----------] Global test environment set-up.
[----------] 5 tests from Wiener7MixArgs
[ RUN      ] Wiener7MixArgs.wiener_lpdf_a_v_sw
[       OK ] Wiener7MixArgs.wiener_lpdf_a_v_sw (2 ms)
[ RUN      ] Wiener7MixArgs.wiener_lpdf_a_v_st0
[       OK ] Wiener7MixArgs.wiener_lpdf_a_v_st0 (2 ms)
[ RUN      ] Wiener7MixArgs.wiener_lpdf_a_sv_sw
[       OK ] Wiener7MixArgs.wiener_lpdf_a_sv_sw (2 ms)
[ RUN      ] Wiener7MixArgs.wiener_lpdf_a_sv_st0
[       OK ] Wiener7MixArgs.wiener_lpdf_a_sv_st0 (2 ms)
[ RUN      ] Wiener7MixArgs.wiener_lpdf_a_sw_st0
[       OK ] Wiener7MixArgs.wiener_lpdf_a_sw_st0 (1 ms)
[----------] 5 tests from Wiener7MixArgs (9 ms total)

[----------] Global test environment tear-down
[==========] 5 tests from 1 test suite ran. (9 ms total)
[  PASSED  ] 5 tests.
Running main() from lib/benchmark_1.5.1/googletest/googletest/src/gtest_main.cc
[==========] Running 5 tests from 1 test suite.
[----------] Global test environment set-up.
[----------] 5 tests from Wiener7MixArgs
[ RUN      ] Wiener7MixArgs.wiener_lpdf_t0_w_v
[       OK ] Wiener7MixArgs.wiener_lpdf_t0_w_v (2 ms)
[ RUN      ] Wiener7MixArgs.wiener_lpdf_t0_w_sv
[       OK ] Wiener7MixArgs.wiener_lpdf_t0_w_sv (1 ms)
[ RUN      ] Wiener7MixArgs.wiener_lpdf_t0_w_sw
[       OK ] Wiener7MixArgs.wiener_lpdf_t0_w_sw (0 ms)
[ RUN      ] Wiener7MixArgs.wiener_lpdf_t0_w_st0
[       OK ] Wiener7MixArgs.wiener_lpdf_t0_w_st0 (1 ms)
[ RUN      ] Wiener7MixArgs.wiener_lpdf_t0_v_sv
[       OK ] Wiener7MixArgs.wiener_lpdf_t0_v_sv (1 ms)
[----------] 5 tests from Wiener7MixArgs (5 ms total)

[----------] Global test environment tear-down
[==========] 5 tests from 1 test suite ran. (5 ms total)
[  PASSED  ] 5 tests.
Running main() from lib/benchmark_1.5.1/googletest/googletest/src/gtest_main.cc
[==========] Running 5 tests from 1 test suite.
[----------] Global test environment set-up.
[----------] 5 tests from Wiener7MixArgs
[ RUN      ] Wiener7MixArgs.wiener_lpdf_t0_v_sw
[       OK ] Wiener7MixArgs.wiener_lpdf_t0_v_sw (2 ms)
[ RUN      ] Wiener7MixArgs.wiener_lpdf_t0_v_st0
[       OK ] Wiener7MixArgs.wiener_lpdf_t0_v_st0 (2 ms)
[ RUN      ] Wiener7MixArgs.wiener_lpdf_t0_sv_sw
[       OK ] Wiener7MixArgs.wiener_lpdf_t0_sv_sw (2 ms)
[ RUN      ] Wiener7MixArgs.wiener_lpdf_t0_sv_st0
[       OK ] Wiener7MixArgs.wiener_lpdf_t0_sv_st0 (2 ms)
[ RUN      ] Wiener7MixArgs.wiener_lpdf_t0_sw_st0
[       OK ] Wiener7MixArgs.wiener_lpdf_t0_sw_st0 (1 ms)
[----------] 5 tests from Wiener7MixArgs (9 ms total)

[----------] Global test environment tear-down
[==========] 5 tests from 1 test suite ran. (9 ms total)
[  PASSED  ] 5 tests.
------------------------------------------------------------
make -j12 ./test/unit/math/mix/prob/wiener_full_lcdf_unnorm_2_test ./test/unit/math/mix/prob/wiener_full_lccdf_unnorm_4_test ./test/unit/math/mix/prob/wiener_full_lcdf_unnorm_0_test ./test/unit/math/mix/prob/wiener_full_lccdf_unnorm_1_test ./test/unit/math/mix/prob/wiener_full_lccdf_unnorm_6_test ./test/unit/math/mix/prob/wiener_full_lcdf_unnorm_11_test ./test/unit/math/mix/prob/wiener_full_lccdf_unnorm_8_test ./test/unit/math/mix/prob/wiener_full_lcdf_unnorm_3_test ./test/unit/math/mix/prob/wiener_full_lccdf_unnorm_10_test ./test/unit/math/mix/prob/wiener_full_lccdf_unnorm_3_test ./test/unit/math/mix/prob/wiener_full_lccdf_unnorm_9_test ./test/unit/math/mix/prob/wiener_full_lccdf_unnorm_0_test ./test/unit/math/mix/prob/wiener_full_lccdf_unnorm_2_test ./test/unit/math/mix/prob/wiener_full_lccdf_unnorm_7_test ./test/unit/math/mix/prob/wiener_full_lcdf_unnorm_1_test ./test/unit/math/mix/prob/wiener_full_lccdf_unnorm_11_test ./test/unit/math/mix/prob/wiener_full_lccdf_unnorm_5_test ./test/unit/math/mix/prob/wiener_full_lcdf_unnorm_10_test ./test/unit/math/mix/prob/wiener_full_lpdf_0_test ./test/unit/math/mix/prob/wiener_full_lpdf_10_test ./test/unit/math/mix/prob/wiener_full_lpdf_11_test ./test/unit/math/mix/prob/wiener_full_lpdf_1_test ./test/unit/math/mix/prob/wiener_full_lpdf_2_test ./test/unit/math/mix/prob/wiener_full_lpdf_3_test ./test/unit/math/mix/prob/wiener_full_lpdf_4_test ./test/unit/math/mix/prob/wiener_full_lpdf_5_test ./test/unit/math/mix/prob/wiener_full_lpdf_6_test ./test/unit/math/mix/prob/wiener_full_lpdf_7_test ./test/unit/math/mix/prob/wiener_full_lpdf_8_test ./test/unit/math/mix/prob/wiener_full_lpdf_9_test ./test/unit/math/mix/prob/wiener_full_lcdf_unnorm_4_test ./test/unit/math/mix/prob/wiener_full_lcdf_unnorm_5_test ./test/unit/math/mix/prob/wiener_full_lcdf_unnorm_6_test ./test/unit/math/mix/prob/wiener_full_lcdf_unnorm_7_test ./test/unit/math/mix/prob/wiener_full_lcdf_unnorm_8_test ./test/unit/math/mix/prob/wiener_full_lcdf_unnorm_9_test ./test/unit/math/prim/prob/wiener_full_lpdf_test ./test/unit/math/prim/prob/wiener_test ./test/unit/math/prim/prob/wiener_full_lccdf_unnorm_test ./test/unit/math/prim/prob/wiener_full_lcdf_unnorm_test ./test/unit/math/rev/prob/wiener_full_test
------------------------------------------------------------
./test/unit/math/mix/prob/wiener_full_lcdf_unnorm_2_test --gtest_output="xml:./test/unit/math/mix/prob/wiener_full_lcdf_unnorm_2_test.xml"
------------------------------------------------------------
./test/unit/math/mix/prob/wiener_full_lccdf_unnorm_4_test --gtest_output="xml:./test/unit/math/mix/prob/wiener_full_lccdf_unnorm_4_test.xml"
------------------------------------------------------------
./test/unit/math/mix/prob/wiener_full_lcdf_unnorm_0_test --gtest_output="xml:./test/unit/math/mix/prob/wiener_full_lcdf_unnorm_0_test.xml"
------------------------------------------------------------
./test/unit/math/mix/prob/wiener_full_lccdf_unnorm_1_test --gtest_output="xml:./test/unit/math/mix/prob/wiener_full_lccdf_unnorm_1_test.xml"
------------------------------------------------------------
./test/unit/math/mix/prob/wiener_full_lccdf_unnorm_6_test --gtest_output="xml:./test/unit/math/mix/prob/wiener_full_lccdf_unnorm_6_test.xml"
------------------------------------------------------------
./test/unit/math/mix/prob/wiener_full_lcdf_unnorm_11_test --gtest_output="xml:./test/unit/math/mix/prob/wiener_full_lcdf_unnorm_11_test.xml"
------------------------------------------------------------
./test/unit/math/mix/prob/wiener_full_lccdf_unnorm_8_test --gtest_output="xml:./test/unit/math/mix/prob/wiener_full_lccdf_unnorm_8_test.xml"
------------------------------------------------------------
./test/unit/math/mix/prob/wiener_full_lcdf_unnorm_3_test --gtest_output="xml:./test/unit/math/mix/prob/wiener_full_lcdf_unnorm_3_test.xml"
------------------------------------------------------------
./test/unit/math/mix/prob/wiener_full_lccdf_unnorm_10_test --gtest_output="xml:./test/unit/math/mix/prob/wiener_full_lccdf_unnorm_10_test.xml"
------------------------------------------------------------
./test/unit/math/mix/prob/wiener_full_lccdf_unnorm_3_test --gtest_output="xml:./test/unit/math/mix/prob/wiener_full_lccdf_unnorm_3_test.xml"
------------------------------------------------------------
./test/unit/math/mix/prob/wiener_full_lccdf_unnorm_9_test --gtest_output="xml:./test/unit/math/mix/prob/wiener_full_lccdf_unnorm_9_test.xml"
------------------------------------------------------------
./test/unit/math/mix/prob/wiener_full_lccdf_unnorm_0_test --gtest_output="xml:./test/unit/math/mix/prob/wiener_full_lccdf_unnorm_0_test.xml"
------------------------------------------------------------
./test/unit/math/mix/prob/wiener_full_lccdf_unnorm_2_test --gtest_output="xml:./test/unit/math/mix/prob/wiener_full_lccdf_unnorm_2_test.xml"
------------------------------------------------------------
./test/unit/math/mix/prob/wiener_full_lccdf_unnorm_7_test --gtest_output="xml:./test/unit/math/mix/prob/wiener_full_lccdf_unnorm_7_test.xml"
------------------------------------------------------------
./test/unit/math/mix/prob/wiener_full_lcdf_unnorm_1_test --gtest_output="xml:./test/unit/math/mix/prob/wiener_full_lcdf_unnorm_1_test.xml"
------------------------------------------------------------
./test/unit/math/mix/prob/wiener_full_lccdf_unnorm_11_test --gtest_output="xml:./test/unit/math/mix/prob/wiener_full_lccdf_unnorm_11_test.xml"
------------------------------------------------------------
./test/unit/math/mix/prob/wiener_full_lccdf_unnorm_5_test --gtest_output="xml:./test/unit/math/mix/prob/wiener_full_lccdf_unnorm_5_test.xml"
------------------------------------------------------------
./test/unit/math/mix/prob/wiener_full_lcdf_unnorm_10_test --gtest_output="xml:./test/unit/math/mix/prob/wiener_full_lcdf_unnorm_10_test.xml"
------------------------------------------------------------
./test/unit/math/mix/prob/wiener_full_lpdf_0_test --gtest_output="xml:./test/unit/math/mix/prob/wiener_full_lpdf_0_test.xml"
------------------------------------------------------------
./test/unit/math/mix/prob/wiener_full_lpdf_10_test --gtest_output="xml:./test/unit/math/mix/prob/wiener_full_lpdf_10_test.xml"
------------------------------------------------------------
./test/unit/math/mix/prob/wiener_full_lpdf_11_test --gtest_output="xml:./test/unit/math/mix/prob/wiener_full_lpdf_11_test.xml"
------------------------------------------------------------
./test/unit/math/mix/prob/wiener_full_lpdf_1_test --gtest_output="xml:./test/unit/math/mix/prob/wiener_full_lpdf_1_test.xml"
------------------------------------------------------------
./test/unit/math/mix/prob/wiener_full_lpdf_2_test --gtest_output="xml:./test/unit/math/mix/prob/wiener_full_lpdf_2_test.xml"
------------------------------------------------------------
./test/unit/math/mix/prob/wiener_full_lpdf_3_test --gtest_output="xml:./test/unit/math/mix/prob/wiener_full_lpdf_3_test.xml"
------------------------------------------------------------
./test/unit/math/mix/prob/wiener_full_lpdf_4_test --gtest_output="xml:./test/unit/math/mix/prob/wiener_full_lpdf_4_test.xml"
------------------------------------------------------------
./test/unit/math/mix/prob/wiener_full_lpdf_5_test --gtest_output="xml:./test/unit/math/mix/prob/wiener_full_lpdf_5_test.xml"
------------------------------------------------------------
./test/unit/math/mix/prob/wiener_full_lpdf_6_test --gtest_output="xml:./test/unit/math/mix/prob/wiener_full_lpdf_6_test.xml"
------------------------------------------------------------
./test/unit/math/mix/prob/wiener_full_lpdf_7_test --gtest_output="xml:./test/unit/math/mix/prob/wiener_full_lpdf_7_test.xml"
------------------------------------------------------------
./test/unit/math/mix/prob/wiener_full_lpdf_8_test --gtest_output="xml:./test/unit/math/mix/prob/wiener_full_lpdf_8_test.xml"
------------------------------------------------------------
./test/unit/math/mix/prob/wiener_full_lpdf_9_test --gtest_output="xml:./test/unit/math/mix/prob/wiener_full_lpdf_9_test.xml"
------------------------------------------------------------Running main() from lib/benchmark_1.5.1/googletest/googletest/src/gtest_main.cc
[==========] Running 5 tests from 1 test suite.
[----------] Global test environment set-up.
[----------] 5 tests from Wiener7MixArgs
[ RUN      ] Wiener7MixArgs.wiener_lcdf_unnorm_y_v_sw
[       OK ] Wiener7MixArgs.wiener_lcdf_unnorm_y_v_sw (2 ms)
[ RUN      ] Wiener7MixArgs.wiener_lcdf_unnorm_y_v_st0
[       OK ] Wiener7MixArgs.wiener_lcdf_unnorm_y_v_st0 (3 ms)
[ RUN      ] Wiener7MixArgs.wiener_lcdf_unnorm_y_sv_sw
[       OK ] Wiener7MixArgs.wiener_lcdf_unnorm_y_sv_sw (2 ms)
[ RUN      ] Wiener7MixArgs.wiener_lcdf_unnorm_y_sv_st0
[       OK ] Wiener7MixArgs.wiener_lcdf_unnorm_y_sv_st0 (2 ms)
[ RUN      ] Wiener7MixArgs.wiener_lcdf_unnorm_y_sw_st0
[       OK ] Wiener7MixArgs.wiener_lcdf_unnorm_y_sw_st0 (2 ms)
[----------] 5 tests from Wiener7MixArgs (11 ms total)

[----------] Global test environment tear-down
[==========] 5 tests from 1 test suite ran. (11 ms total)
[  PASSED  ] 5 tests.
Running main() from lib/benchmark_1.5.1/googletest/googletest/src/gtest_main.cc
[==========] Running 5 tests from 1 test suite.
[----------] Global test environment set-up.
[----------] 5 tests from Wiener7MixArgs
[ RUN      ] Wiener7MixArgs.wiener_lcdf_unnorm_a_t0_w
[       OK ] Wiener7MixArgs.wiener_lcdf_unnorm_a_t0_w (2 ms)
[ RUN      ] Wiener7MixArgs.wiener_lcdf_unnorm_a_t0_v
[       OK ] Wiener7MixArgs.wiener_lcdf_unnorm_a_t0_v (2 ms)
[ RUN      ] Wiener7MixArgs.wiener_lcdf_unnorm_a_t0_sv
[       OK ] Wiener7MixArgs.wiener_lcdf_unnorm_a_t0_sv (2 ms)
[ RUN      ] Wiener7MixArgs.wiener_lcdf_unnorm_a_t0_sw
[       OK ] Wiener7MixArgs.wiener_lcdf_unnorm_a_t0_sw (2 ms)
[ RUN      ] Wiener7MixArgs.wiener_lcdf_unnorm_a_t0_st0
[       OK ] Wiener7MixArgs.wiener_lcdf_unnorm_a_t0_st0 (2 ms)
[----------] 5 tests from Wiener7MixArgs (10 ms total)

[----------] Global test environment tear-down
[==========] 5 tests from 1 test suite ran. (10 ms total)
[  PASSED  ] 5 tests.
Running main() from lib/benchmark_1.5.1/googletest/googletest/src/gtest_main.cc
[==========] Running 5 tests from 1 test suite.
[----------] Global test environment set-up.
[----------] 5 tests from Wiener7MixArgs
[ RUN      ] Wiener7MixArgs.wiener_lcdf_unnorm_a_w_v
[       OK ] Wiener7MixArgs.wiener_lcdf_unnorm_a_w_v (3 ms)
[ RUN      ] Wiener7MixArgs.wiener_lcdf_unnorm_a_w_sv
[       OK ] Wiener7MixArgs.wiener_lcdf_unnorm_a_w_sv (2 ms)
[ RUN      ] Wiener7MixArgs.wiener_lcdf_unnorm_a_w_sw
[       OK ] Wiener7MixArgs.wiener_lcdf_unnorm_a_w_sw (2 ms)
[ RUN      ] Wiener7MixArgs.wiener_lcdf_unnorm_a_w_st0
[       OK ] Wiener7MixArgs.wiener_lcdf_unnorm_a_w_st0 (1 ms)
[ RUN      ] Wiener7MixArgs.wiener_lcdf_unnorm_a_v_sv
[       OK ] Wiener7MixArgs.wiener_lcdf_unnorm_a_v_sv (1 ms)
[----------] 5 tests from Wiener7MixArgs (9 ms total)

[----------] Global test environment tear-down
[==========] 5 tests from 1 test suite ran. (9 ms total)
[  PASSED  ] 5 tests.
Running main() from lib/benchmark_1.5.1/googletest/googletest/src/gtest_main.cc
[==========] Running 5 tests from 1 test suite.
[----------] Global test environment set-up.
[----------] 5 tests from Wiener7MixArgs
[ RUN      ] Wiener7MixArgs.wiener_lcdf_unnorm_a_v_sw
[       OK ] Wiener7MixArgs.wiener_lcdf_unnorm_a_v_sw (2 ms)
[ RUN      ] Wiener7MixArgs.wiener_lcdf_unnorm_a_v_st0
[       OK ] Wiener7MixArgs.wiener_lcdf_unnorm_a_v_st0 (2 ms)
[ RUN      ] Wiener7MixArgs.wiener_lcdf_unnorm_a_sv_sw
[       OK ] Wiener7MixArgs.wiener_lcdf_unnorm_a_sv_sw (1 ms)
[ RUN      ] Wiener7MixArgs.wiener_lcdf_unnorm_a_sv_st0
[       OK ] Wiener7MixArgs.wiener_lcdf_unnorm_a_sv_st0 (2 ms)
[ RUN      ] Wiener7MixArgs.wiener_lcdf_unnorm_a_sw_st0
[       OK ] Wiener7MixArgs.wiener_lcdf_unnorm_a_sw_st0 (1 ms)
[----------] 5 tests from Wiener7MixArgs (8 ms total)

[----------] Global test environment tear-down
[==========] 5 tests from 1 test suite ran. (8 ms total)
[  PASSED  ] 5 tests.
Running main() from lib/benchmark_1.5.1/googletest/googletest/src/gtest_main.cc
[==========] Running 5 tests from 1 test suite.
[----------] Global test environment set-up.
[----------] 5 tests from Wiener7MixArgs
[ RUN      ] Wiener7MixArgs.wiener_lcdf_unnorm_t0_w_v
[       OK ] Wiener7MixArgs.wiener_lcdf_unnorm_t0_w_v (2 ms)
[ RUN      ] Wiener7MixArgs.wiener_lcdf_unnorm_t0_w_sv
[       OK ] Wiener7MixArgs.wiener_lcdf_unnorm_t0_w_sv (2 ms)
[ RUN      ] Wiener7MixArgs.wiener_lcdf_unnorm_t0_w_sw
[       OK ] Wiener7MixArgs.wiener_lcdf_unnorm_t0_w_sw (2 ms)
[ RUN      ] Wiener7MixArgs.wiener_lcdf_unnorm_t0_w_st0
[       OK ] Wiener7MixArgs.wiener_lcdf_unnorm_t0_w_st0 (1 ms)
[ RUN      ] Wiener7MixArgs.wiener_lcdf_unnorm_t0_v_sv
[       OK ] Wiener7MixArgs.wiener_lcdf_unnorm_t0_v_sv (1 ms)
[----------] 5 tests from Wiener7MixArgs (8 ms total)

[----------] Global test environment tear-down
[==========] 5 tests from 1 test suite ran. (8 ms total)
[  PASSED  ] 5 tests.
Running main() from lib/benchmark_1.5.1/googletest/googletest/src/gtest_main.cc
[==========] Running 5 tests from 1 test suite.
[----------] Global test environment set-up.
[----------] 5 tests from Wiener7MixArgs
[ RUN      ] Wiener7MixArgs.wiener_lcdf_unnorm_t0_v_sw
[       OK ] Wiener7MixArgs.wiener_lcdf_unnorm_t0_v_sw (2 ms)
[ RUN      ] Wiener7MixArgs.wiener_lcdf_unnorm_t0_v_st0
[       OK ] Wiener7MixArgs.wiener_lcdf_unnorm_t0_v_st0 (2 ms)
[ RUN      ] Wiener7MixArgs.wiener_lcdf_unnorm_t0_sv_sw
[       OK ] Wiener7MixArgs.wiener_lcdf_unnorm_t0_sv_sw (2 ms)
[ RUN      ] Wiener7MixArgs.wiener_lcdf_unnorm_t0_sv_st0
[       OK ] Wiener7MixArgs.wiener_lcdf_unnorm_t0_sv_st0 (2 ms)
[ RUN      ] Wiener7MixArgs.wiener_lcdf_unnorm_t0_sw_st0
[       OK ] Wiener7MixArgs.wiener_lcdf_unnorm_t0_sw_st0 (1 ms)
[----------] 5 tests from Wiener7MixArgs (9 ms total)

[----------] Global test environment tear-down
[==========] 5 tests from 1 test suite ran. (9 ms total)
[  PASSED  ] 5 tests.
Running main() from lib/benchmark_1.5.1/googletest/googletest/src/gtest_main.cc
[==========] Running 21 tests from 5 test suites.
[----------] Global test environment set-up.
[----------] 9 tests from mathPrimScalProbWienerFullScal
[ RUN      ] mathPrimScalProbWienerFullScal.valid
[       OK ] mathPrimScalProbWienerFullScal.valid (0 ms)
[ RUN      ] mathPrimScalProbWienerFullScal.invalid_rt
[       OK ] mathPrimScalProbWienerFullScal.invalid_rt (0 ms)
[ RUN      ] mathPrimScalProbWienerFullScal.invalid_a
[       OK ] mathPrimScalProbWienerFullScal.invalid_a (0 ms)
[ RUN      ] mathPrimScalProbWienerFullScal.invalid_v
[       OK ] mathPrimScalProbWienerFullScal.invalid_v (0 ms)
[ RUN      ] mathPrimScalProbWienerFullScal.invalid_w
[       OK ] mathPrimScalProbWienerFullScal.invalid_w (0 ms)
[ RUN      ] mathPrimScalProbWienerFullScal.invalid_t0
[       OK ] mathPrimScalProbWienerFullScal.invalid_t0 (0 ms)
[ RUN      ] mathPrimScalProbWienerFullScal.invalid_sv
[       OK ] mathPrimScalProbWienerFullScal.invalid_sv (0 ms)
[ RUN      ] mathPrimScalProbWienerFullScal.invalid_sw
[       OK ] mathPrimScalProbWienerFullScal.invalid_sw (0 ms)
[ RUN      ] mathPrimScalProbWienerFullScal.invalid_st0
[       OK ] mathPrimScalProbWienerFullScal.invalid_st0 (0 ms)
[----------] 9 tests from mathPrimScalProbWienerFullScal (1 ms total)

[----------] 9 tests from mathPrimScalProbWienerFullPrecScal
[ RUN      ] mathPrimScalProbWienerFullPrecScal.valid
[       OK ] mathPrimScalProbWienerFullPrecScal.valid (1 ms)
[ RUN      ] mathPrimScalProbWienerFullPrecScal.invalid_rt
[       OK ] mathPrimScalProbWienerFullPrecScal.invalid_rt (0 ms)
[ RUN      ] mathPrimScalProbWienerFullPrecScal.invalid_a
[       OK ] mathPrimScalProbWienerFullPrecScal.invalid_a (0 ms)
[ RUN      ] mathPrimScalProbWienerFullPrecScal.invalid_v
[       OK ] mathPrimScalProbWienerFullPrecScal.invalid_v (0 ms)
[ RUN      ] mathPrimScalProbWienerFullPrecScal.invalid_w
[       OK ] mathPrimScalProbWienerFullPrecScal.invalid_w (0 ms)
[ RUN      ] mathPrimScalProbWienerFullPrecScal.invalid_t0
[       OK ] mathPrimScalProbWienerFullPrecScal.invalid_t0 (0 ms)
[ RUN      ] mathPrimScalProbWienerFullPrecScal.invalid_sv
[       OK ] mathPrimScalProbWienerFullPrecScal.invalid_sv (0 ms)
[ RUN      ] mathPrimScalProbWienerFullPrecScal.invalid_sw
[       OK ] mathPrimScalProbWienerFullPrecScal.invalid_sw (0 ms)
[ RUN      ] mathPrimScalProbWienerFullPrecScal.invalid_st0
[       OK ] mathPrimScalProbWienerFullPrecScal.invalid_st0 (0 ms)
[----------] 9 tests from mathPrimScalProbWienerFullPrecScal (1 ms total)

[----------] 1 test from mathPrimCorrectValues
[ RUN      ] mathPrimCorrectValues.wiener_lpdf
[       OK ] mathPrimCorrectValues.wiener_lpdf (25 ms)
[----------] 1 test from mathPrimCorrectValues (25 ms total)

[----------] 1 test from mathPrimCorrectValuesFourParamModel
[ RUN      ] mathPrimCorrectValuesFourParamModel.wiener_lpdf
[       OK ] mathPrimCorrectValuesFourParamModel.wiener_lpdf (0 ms)
[----------] 1 test from mathPrimCorrectValuesFourParamModel (0 ms total)

[----------] 1 test from mathPrimCorrectValuesFiveParameterModel
[ RUN      ] mathPrimCorrectValuesFiveParameterModel.wiener_lpdf
[       OK ] mathPrimCorrectValuesFiveParameterModel.wiener_lpdf (0 ms)
[----------] 1 test from mathPrimCorrectValuesFiveParameterModel (0 ms total)

[----------] Global test environment tear-down
[==========] 21 tests from 5 test suites ran. (27 ms total)
[  PASSED  ] 21 tests.
Running main() from lib/benchmark_1.5.1/googletest/googletest/src/gtest_main.cc
[==========] Running 2 tests from 2 test suites.
[----------] Global test environment set-up.
[----------] 1 test from mathPrimScalProbWienerMat
[ RUN      ] mathPrimScalProbWienerMat.illegal_tau_gt_y
[       OK ] mathPrimScalProbWienerMat.illegal_tau_gt_y (0 ms)
[----------] 1 test from mathPrimScalProbWienerMat (0 ms total)

[----------] 1 test from mathPrimScalProbWienerScal
[ RUN      ] mathPrimScalProbWienerScal.illegal_tau_gt_y
[       OK ] mathPrimScalProbWienerScal.illegal_tau_gt_y (0 ms)
[----------] 1 test from mathPrimScalProbWienerScal (0 ms total)

[----------] Global test environment tear-down
[==========] 2 tests from 2 test suites ran. (0 ms total)
[  PASSED  ] 2 tests.
Running main() from lib/benchmark_1.5.1/googletest/googletest/src/gtest_main.cc
[==========] Running 19 tests from 3 test suites.
[----------] Global test environment set-up.
[----------] 9 tests from mathPrimScalProbWienerFullLccdfScal
[ RUN      ] mathPrimScalProbWienerFullLccdfScal.valid
[       OK ] mathPrimScalProbWienerFullLccdfScal.valid (7 ms)
[ RUN      ] mathPrimScalProbWienerFullLccdfScal.invalid_rt
[       OK ] mathPrimScalProbWienerFullLccdfScal.invalid_rt (0 ms)
[ RUN      ] mathPrimScalProbWienerFullLccdfScal.invalid_a
[       OK ] mathPrimScalProbWienerFullLccdfScal.invalid_a (0 ms)
[ RUN      ] mathPrimScalProbWienerFullLccdfScal.invalid_v
[       OK ] mathPrimScalProbWienerFullLccdfScal.invalid_v (0 ms)
[ RUN      ] mathPrimScalProbWienerFullLccdfScal.invalid_w
[       OK ] mathPrimScalProbWienerFullLccdfScal.invalid_w (0 ms)
[ RUN      ] mathPrimScalProbWienerFullLccdfScal.invalid_t0
[       OK ] mathPrimScalProbWienerFullLccdfScal.invalid_t0 (0 ms)
[ RUN      ] mathPrimScalProbWienerFullLccdfScal.invalid_sv
[       OK ] mathPrimScalProbWienerFullLccdfScal.invalid_sv (0 ms)
[ RUN      ] mathPrimScalProbWienerFullLccdfScal.invalid_sw
[       OK ] mathPrimScalProbWienerFullLccdfScal.invalid_sw (0 ms)
[ RUN      ] mathPrimScalProbWienerFullLccdfScal.invalid_st0
[       OK ] mathPrimScalProbWienerFullLccdfScal.invalid_st0 (0 ms)
[----------] 9 tests from mathPrimScalProbWienerFullLccdfScal (7 ms total)

[----------] 9 tests from mathPrimScalProbWienerFullLccdfPrecScal
[ RUN      ] mathPrimScalProbWienerFullLccdfPrecScal.valid
[       OK ] mathPrimScalProbWienerFullLccdfPrecScal.valid (6 ms)
[ RUN      ] mathPrimScalProbWienerFullLccdfPrecScal.invalid_rt
[       OK ] mathPrimScalProbWienerFullLccdfPrecScal.invalid_rt (0 ms)
[ RUN      ] mathPrimScalProbWienerFullLccdfPrecScal.invalid_a
[       OK ] mathPrimScalProbWienerFullLccdfPrecScal.invalid_a (0 ms)
[ RUN      ] mathPrimScalProbWienerFullLccdfPrecScal.invalid_v
[       OK ] mathPrimScalProbWienerFullLccdfPrecScal.invalid_v (0 ms)
[ RUN      ] mathPrimScalProbWienerFullLccdfPrecScal.invalid_w
[       OK ] mathPrimScalProbWienerFullLccdfPrecScal.invalid_w (0 ms)
[ RUN      ] mathPrimScalProbWienerFullLccdfPrecScal.invalid_t0
[       OK ] mathPrimScalProbWienerFullLccdfPrecScal.invalid_t0 (0 ms)
[ RUN      ] mathPrimScalProbWienerFullLccdfPrecScal.invalid_sv
[       OK ] mathPrimScalProbWienerFullLccdfPrecScal.invalid_sv (0 ms)
[ RUN      ] mathPrimScalProbWienerFullLccdfPrecScal.invalid_sw
[       OK ] mathPrimScalProbWienerFullLccdfPrecScal.invalid_sw (0 ms)
[ RUN      ] mathPrimScalProbWienerFullLccdfPrecScal.invalid_st0
[       OK ] mathPrimScalProbWienerFullLccdfPrecScal.invalid_st0 (0 ms)
[----------] 9 tests from mathPrimScalProbWienerFullLccdfPrecScal (6 ms total)

[----------] 1 test from mathPrimCorrectValues
[ RUN      ] mathPrimCorrectValues.wiener_lccdf_unnorm
test/unit/math/prim/prob/wiener_full_lccdf_unnorm_test.cpp:426: Failure
The difference between a.adj() and true_grad_a[i] is 0.0011549500374380406, which exceeds err_tol, where
a.adj() evaluates to 0.30987978225220303,
true_grad_a[i] evaluates to 0.30872483221476499, and
err_tol evaluates to 0.0001.
test/unit/math/prim/prob/wiener_full_lccdf_unnorm_test.cpp:428: Failure
The difference between w.adj() and true_grad_w[i] is 0.016363180714727088, which exceeds err_tol, where
w.adj() evaluates to 1.9492490867549972,
true_grad_w[i] evaluates to 1.9328859060402701, and
err_tol evaluates to 0.0001.
test/unit/math/prim/prob/wiener_full_lccdf_unnorm_test.cpp:429: Failure
The difference between v.adj() and true_grad_v[i] is 0.0013765085645633945, which exceeds err_tol, where
v.adj() evaluates to 11.404061072322964,
true_grad_v[i] evaluates to 11.402684563758401, and
err_tol evaluates to 0.0001.
[  FAILED  ] mathPrimCorrectValues.wiener_lccdf_unnorm (352 ms)
[----------] 1 test from mathPrimCorrectValues (352 ms total)

[----------] Global test environment tear-down
[==========] 19 tests from 3 test suites ran. (365 ms total)
[  PASSED  ] 18 tests.
[  FAILED  ] 1 test, listed below:
[  FAILED  ] mathPrimCorrectValues.wiener_lccdf_unnorm

 1 FAILED TEST
./test/unit/math/prim/prob/wiener_full_lccdf_unnorm_test --gtest_output="xml:./test/unit/math/prim/prob/wiener_full_lccdf_unnorm_test.xml" failed
exit now (03/24/26 16:05:09 EDT)
1

./test/unit/math/mix/prob/wiener_full_lcdf_unnorm_4_test --gtest_output="xml:./test/unit/math/mix/prob/wiener_full_lcdf_unnorm_4_test.xml"
------------------------------------------------------------
./test/unit/math/mix/prob/wiener_full_lcdf_unnorm_5_test --gtest_output="xml:./test/unit/math/mix/prob/wiener_full_lcdf_unnorm_5_test.xml"
------------------------------------------------------------
./test/unit/math/mix/prob/wiener_full_lcdf_unnorm_6_test --gtest_output="xml:./test/unit/math/mix/prob/wiener_full_lcdf_unnorm_6_test.xml"
------------------------------------------------------------
./test/unit/math/mix/prob/wiener_full_lcdf_unnorm_7_test --gtest_output="xml:./test/unit/math/mix/prob/wiener_full_lcdf_unnorm_7_test.xml"
------------------------------------------------------------
./test/unit/math/mix/prob/wiener_full_lcdf_unnorm_8_test --gtest_output="xml:./test/unit/math/mix/prob/wiener_full_lcdf_unnorm_8_test.xml"
------------------------------------------------------------
./test/unit/math/mix/prob/wiener_full_lcdf_unnorm_9_test --gtest_output="xml:./test/unit/math/mix/prob/wiener_full_lcdf_unnorm_9_test.xml"
------------------------------------------------------------
./test/unit/math/prim/prob/wiener_full_lpdf_test --gtest_output="xml:./test/unit/math/prim/prob/wiener_full_lpdf_test.xml"
------------------------------------------------------------
./test/unit/math/prim/prob/wiener_test --gtest_output="xml:./test/unit/math/prim/prob/wiener_test.xml"
------------------------------------------------------------
./test/unit/math/prim/prob/wiener_full_lccdf_unnorm_test --gtest_output="xml:./test/unit/math/prim/prob/wiener_full_lccdf_unnorm_test.xml"
